// Jest Snapshot v1, https://goo.gl/fbAQLP

exports[`App component should make a snaphost of a loader on initial rendering 1`] = `<FullScreenLoader />`;
